==============================================================================
AppFunctionalityTest :: The test cases in this script focus in testing the ...
==============================================================================
Dropdown Field is Displaying Intended Content                         | PASS |
------------------------------------------------------------------------------
AppFunctionalityTest :: The test cases in this script focus in tes... | PASS |
1 test, 1 passed, 0 failed
==============================================================================
Output:  D:\Documents\Test Automation Projects\FORMY_App\Formy_App_Automation_Tests\tests\pabot_results\1\2\output.xml
